// Jest Snapshot v1, https://goo.gl/fbAQLP

exports[`App renders App 1`] = `
<div>
  <h1>
    Hello World
  </h1>
  <p>
    0
  </p>
  <button
    onClick={[Function]}
    type="button"
  >
    Increase
  </button>
</div>
`;
